---
source: apps/oxlint/src/tester.rs
---
########## 
arguments: 
working directory: fixtures/cli/nested_config/package4-as-cwd
----------

  x eslint(no-console): Unexpected console statement.
   ,-[component.js:2:3]
 1 | export function Component() {
 2 |   console.log("hello");
   :   ^^^^^^^^^^^
 3 | }
   `----
  help: Delete this console statement.

Found 0 warnings and 1 error.
Finished in <variable>ms on 1 file using 1 threads.
----------
CLI result: LintFoundErrors
----------
